PS C:\Users\h9kho\OneDrive\Desktop> mkdir git_challenge


    ディレクトリ: C:\Users\h9kho
    \OneDrive\Desktop


Mode               LastWriteTime
----               -------------
d-----      2025/04/11     10:51


PS C:\Users\h9kho\OneDrive\Desktop> cd git_challenge
PS C:\Users\h9kho\OneDrive\Desktop\git_challenge> git init
Initialized empty Git repository in C:/Users/h9kho/OneDrive/Desktop/git_challenge/.git/
PS C:\Users\h9kho\OneDrive\Desktop\git_challenge> echo "Hello, world!" >> hello_world.txt
PS C:\Users\h9kho\OneDrive\Desktop\git_challenge> git add hello_world.txt
PS C:\Users\h9kho\OneDrive\Desktop\git_challenge> git commit -m"最初の変更"
[main (root-commit) 5a069bf] 最初の変更
 1 file changed, 0 insertions(+), 0 deletions(-)
 create mode 100644 hello_world.txt
PS C:\Users\h9kho\OneDrive\Desktop\git_challenge> git add hello_world.txt
PS C:\Users\h9kho\OneDrive\Desktop\git_challenge> git commit -m"2 回目の変更"
[main 8149f32] 2回目の変更
 1 file changed, 0 insertions(+), 0 deletions(-)
PS C:\Users\h9kho\OneDrive\Desktop\git_challenge> git log --oneline
8149f32 (HEAD -> main) 2回目の変
更
5a069bf 最初の変更
PS C:\Users\h9kho\OneDrive\Desktop\git_challenge>
