PS C:\Users\h9kho\OneDrive\Desktop> mkdir git_challenge
PS C:\Users\h9kho\OneDrive\Desktop> mkdir git_challenge


    ディレクトリ: C:\Users        
    \h9kho\OneDrive\Deskto        
    p


Mode         LastWriteTime        
----         -------------        
d-----  2025/04/12      9:        
                        06        


PS C:\Users\h9kho\OneDrive\Desktop> cd git_challenge
PS C:\Users\h9kho\OneDrive\Desktop\git_challenge> git init
Initialized empty Git repository in C:/Users/h9kho/OneDrive/Desktop/git_challenge/.git/        
PS C:\Users\h9kho\OneDrive\Desktop\git_challenge> echo "Hello, world!" >> hello_world.txt
PS C:\Users\h9kho\OneDrive\Desktop\git_challenge> git add hello_world.txt
PS C:\Users\h9kho\OneDrive\Desktop\git_challenge> git commit -m"hello_world.txtを追加"
[main (root-commit) 407e6d6] hello_world.txtを追加
 1 file changed, 0 insertions(+), 0 deletions(-)
 create mode 100644 hello_world.txt
PS C:\Users\h9kho\OneDrive\Desktop\git_challenge> echo "こんにちは、世界!" >> hello_world.txt
PS C:\Users\h9kho\OneDrive\Desktop\git_challenge> git add hello_world.txt
PS C:\Users\h9kho\OneDrive\Desktop\git_challenge> git commit -m"日本語訳を追加"
[main 11e6f6a] 日本語訳を追加
 1 file changed, 0 insertions(+), 0 deletions(-)
PS C:\Users\h9kho\OneDrive\Desktop\git_challenge> git log --oneline
11e6f6a (HEAD -> main) 日本語訳を
追加
407e6d6 hello_world.txtを追加 
