PS C:\Users\h9kho\OneDrive\Desktop> mkdir git_challenge


    ディレクトリ: C:\Users\h9kho
    \OneDrive\Desktop


Mode               LastWriteTime
----               -------------
d-----      2025/04/11     10:58


PS C:\Users\h9kho\OneDrive\Desktop> cd git_challenge
PS C:\Users\h9kho\OneDrive\Desktop\git_challenge> git init
Initialized empty Git repository in C:/Users/h9kho/OneDrive/Desktop/git_challenge/.git/
PS C:\Users\h9kho\OneDrive\Desktop\git_challenge> echo "Hello, world!" >> hello_world.txt
PS C:\Users\h9kho\OneDrive\Desktop\git_challenge> git add hello_world.txt
PS C:\Users\h9kho\OneDrive\Desktop\git_challenge> git commit -m"hello_world.txtを追加"
[main (root-commit) ddfb2ae] hello_world.txtを追加
 1 file changed, 0 insertions(+), 0 deletions(-)
 create mode 100644 hello_world.txt
PS C:\Users\h9kho\OneDrive\Desktop\git_challenge> git add hello_world.txt
PS C:\Users\h9kho\OneDrive\Desktop\git_challenge> git commit -m"日本語訳を追記"
[main 4ee6ed5] 日本語訳を追記
 1 file changed, 0 insertions(+), 0 deletions(-)
PS C:\Users\h9kho\OneDrive\Desktop\git_challenge> git log --oneline
4ee6ed5 (HEAD -> main) 日本語訳を追記
ddfb2ae hello_world.txtを追加
