PS C:\Users\h9kho\OneDrive\Desktop> mkdir git_challenge


    ディレクトリ: C:\Users\h9kho
    \OneDrive\Desktop


Mode               LastWriteTime
----               -------------
d-----      2025/04/11     10:09


PS C:\Users\h9kho\OneDrive\Desktop> cd git_challenge
PS C:\Users\h9kho\OneDrive\Desktop\git_challenge> git init 
Initialized empty Git repository in C:/Users/h9kho/OneDrive/Desktop/git_challenge/.git/
PS C:\Users\h9kho\OneDrive\Desktop\git_challenge> echo "hello world" >> hello_world.txt            
PS C:\Users\h9kho\OneDrive\Desktop\git_challenge> git add -A
PS C:\Users\h9kho\OneDrive\Desktop\git_challenge> git commit -m"最初のコミット"
[main (root-commit) 87d9e84] 最初のコミット
 1 file changed, 0 insertions(+), 0 deletions(-)
 create mode 100644 hello_world.txt
PS C:\Users\h9kho\OneDrive\Desktop\git_challenge> git add -A
PS C:\Users\h9kho\OneDrive\Desktop\git_challenge> git commit -m"2 回目のコミット"
[main ecd4dcc] 2回目のコミット
 1 file changed, 0 insertions(+), 0 deletions(-)
PS C:\Users\h9kho\OneDrive\Desktop\git_challenge> git log --oneline
ecd4dcc (HEAD -> main) 2回目のコ
ミット
87d9e84 最初のコミット
PS C:\Users\h9kho\OneDrive\Desktop\git_challenge>